20:03:26 **** Build of project DMA_bsp ****
make -k all 
"Running Make include in psu_cortexa53_0/libsrc/avbuf_v2_2/src"
D:/Xilinx2018p3/SDK/2018.3/gnuwin/bin/make -C psu_cortexa53_0/libsrc/avbuf_v2_2/src -s include  "SHELL=CMD" "COMPILER=aarch64-none-elf-gcc" "ARCHIVER=aarch64-none-elf-ar" "COMPILER_FLAGS=  -O2 -c" "EXTRA_COMPILER_FLAGS=-g -Wall -Wextra"
"Running Make include in psu_cortexa53_0/libsrc/axidma_v9_8/src"
D:/Xilinx2018p3/SDK/2018.3/gnuwin/bin/make -C psu_cortexa53_0/libsrc/axidma_v9_8/src -s include  "SHELL=CMD" "COMPILER=aarch64-none-elf-gcc" "ARCHIVER=aarch64-none-elf-ar" "COMPILER_FLAGS=  -O2 -c" "EXTRA_COMPILER_FLAGS=-g -Wall -Wextra"
"Running Make include in psu_cortexa53_0/libsrc/axipmon_v6_7/src"
D:/Xilinx2018p3/SDK/2018.3/gnuwin/bin/make -C psu_cortexa53_0/libsrc/axipmon_v6_7/src -s include  "SHELL=CMD" "COMPILER=aarch64-none-elf-gcc" "ARCHIVER=aarch64-none-elf-ar" "COMPILER_FLAGS=  -O2 -c" "EXTRA_COMPILER_FLAGS=-g -Wall -Wextra"
"Running Make include in psu_cortexa53_0/libsrc/canps_v3_2/src"
D:/Xilinx2018p3/SDK/2018.3/gnuwin/bin/make -C psu_cortexa53_0/libsrc/canps_v3_2/src -s include  "SHELL=CMD" "COMPILER=aarch64-none-elf-gcc" "ARCHIVER=aarch64-none-elf-ar" "COMPILER_FLAGS=  -O2 -c" "EXTRA_COMPILER_FLAGS=-g -Wall -Wextra"
"Running Make include in psu_cortexa53_0/libsrc/clockps_v1_0/src"
D:/Xilinx2018p3/SDK/2018.3/gnuwin/bin/make -C psu_cortexa53_0/libsrc/clockps_v1_0/src -s include  "SHELL=CMD" "COMPILER=aarch64-none-elf-gcc" "ARCHIVER=aarch64-none-elf-ar" "COMPILER_FLAGS=  -O2 -c" "EXTRA_COMPILER_FLAGS=-g -Wall -Wextra"
"Running Make include in psu_cortexa53_0/libsrc/coresightps_dcc_v1_4/src"
D:/Xilinx2018p3/SDK/2018.3/gnuwin/bin/make -C psu_cortexa53_0/libsrc/coresightps_dcc_v1_4/src -s include  "SHELL=CMD" "COMPILER=aarch64-none-elf-gcc" "ARCHIVER=aarch64-none-elf-ar" "COMPILER_FLAGS=  -O2 -c" "EXTRA_COMPILER_FLAGS=-g -Wall -Wextra"
"Running Make include in psu_cortexa53_0/libsrc/cpu_cortexa53_v1_5/src"
D:/Xilinx2018p3/SDK/2018.3/gnuwin/bin/make -C psu_cortexa53_0/libsrc/cpu_cortexa53_v1_5/src -s include  "SHELL=CMD" "COMPILER=aarch64-none-elf-gcc" "ARCHIVER=aarch64-none-elf-ar" "COMPILER_FLAGS=  -O2 -c" "EXTRA_COMPILER_FLAGS=-g -Wall -Wextra"
"Running Make include in psu_cortexa53_0/libsrc/csudma_v1_3/src"
D:/Xilinx2018p3/SDK/2018.3/gnuwin/bin/make -C psu_cortexa53_0/libsrc/csudma_v1_3/src -s include  "SHELL=CMD" "COMPILER=aarch64-none-elf-gcc" "ARCHIVER=aarch64-none-elf-ar" "COMPILER_FLAGS=  -O2 -c" "EXTRA_COMPILER_FLAGS=-g -Wall -Wextra"
"Running Make include in psu_cortexa53_0/libsrc/ddrcpsu_v1_1/src"
D:/Xilinx2018p3/SDK/2018.3/gnuwin/bin/make -C psu_cortexa53_0/libsrc/ddrcpsu_v1_1/src -s include  "SHELL=CMD" "COMPILER=aarch64-none-elf-gcc" "ARCHIVER=aarch64-none-elf-ar" "COMPILER_FLAGS=  -O2 -c" "EXTRA_COMPILER_FLAGS=-g -Wall -Wextra"
"Running Make include in psu_cortexa53_0/libsrc/dpdma_v1_1/src"
D:/Xilinx2018p3/SDK/2018.3/gnuwin/bin/make -C psu_cortexa53_0/libsrc/dpdma_v1_1/src -s include  "SHELL=CMD" "COMPILER=aarch64-none-elf-gcc" "ARCHIVER=aarch64-none-elf-ar" "COMPILER_FLAGS=  -O2 -c" "EXTRA_COMPILER_FLAGS=-g -Wall -Wextra"
"Running Make include in psu_cortexa53_0/libsrc/emacps_v3_8/src"
D:/Xilinx2018p3/SDK/2018.3/gnuwin/bin/make -C psu_cortexa53_0/libsrc/emacps_v3_8/src -s include  "SHELL=CMD" "COMPILER=aarch64-none-elf-gcc" "ARCHIVER=aarch64-none-elf-ar" "COMPILER_FLAGS=  -O2 -c" "EXTRA_COMPILER_FLAGS=-g -Wall -Wextra"
"Running Make include in psu_cortexa53_0/libsrc/gpiops_v3_4/src"
D:/Xilinx2018p3/SDK/2018.3/gnuwin/bin/make -C psu_cortexa53_0/libsrc/gpiops_v3_4/src -s include  "SHELL=CMD" "COMPILER=aarch64-none-elf-gcc" "ARCHIVER=aarch64-none-elf-ar" "COMPILER_FLAGS=  -O2 -c" "EXTRA_COMPILER_FLAGS=-g -Wall -Wextra"
"Running Make include in psu_cortexa53_0/libsrc/iicps_v3_8/src"
D:/Xilinx2018p3/SDK/2018.3/gnuwin/bin/make -C psu_cortexa53_0/libsrc/iicps_v3_8/src -s include  "SHELL=CMD" "COMPILER=aarch64-none-elf-gcc" "ARCHIVER=aarch64-none-elf-ar" "COMPILER_FLAGS=  -O2 -c" "EXTRA_COMPILER_FLAGS=-g -Wall -Wextra"
"Running Make include in psu_cortexa53_0/libsrc/ipipsu_v2_4/src"
D:/Xilinx2018p3/SDK/2018.3/gnuwin/bin/make -C psu_cortexa53_0/libsrc/ipipsu_v2_4/src -s include  "SHELL=CMD" "COMPILER=aarch64-none-elf-gcc" "ARCHIVER=aarch64-none-elf-ar" "COMPILER_FLAGS=  -O2 -c" "EXTRA_COMPILER_FLAGS=-g -Wall -Wextra"
"Running Make include in psu_cortexa53_0/libsrc/pciepsu_v1_0/src"
D:/Xilinx2018p3/SDK/2018.3/gnuwin/bin/make -C psu_cortexa53_0/libsrc/pciepsu_v1_0/src -s include  "SHELL=CMD" "COMPILER=aarch64-none-elf-gcc" "ARCHIVER=aarch64-none-elf-ar" "COMPILER_FLAGS=  -O2 -c" "EXTRA_COMPILER_FLAGS=-g -Wall -Wextra"
"Running Make include in psu_cortexa53_0/libsrc/qspipsu_v1_8/src"
D:/Xilinx2018p3/SDK/2018.3/gnuwin/bin/make -C psu_cortexa53_0/libsrc/qspipsu_v1_8/src -s include  "SHELL=CMD" "COMPILER=aarch64-none-elf-gcc" "ARCHIVER=aarch64-none-elf-ar" "COMPILER_FLAGS=  -O2 -c" "EXTRA_COMPILER_FLAGS=-g -Wall -Wextra"
"Running Make include in psu_cortexa53_0/libsrc/resetps_v1_2/src"
D:/Xilinx2018p3/SDK/2018.3/gnuwin/bin/make -C psu_cortexa53_0/libsrc/resetps_v1_2/src -s include  "SHELL=CMD" "COMPILER=aarch64-none-elf-gcc" "ARCHIVER=aarch64-none-elf-ar" "COMPILER_FLAGS=  -O2 -c" "EXTRA_COMPILER_FLAGS=-g -Wall -Wextra"
"Running Make include in psu_cortexa53_0/libsrc/rtcpsu_v1_6/src"
D:/Xilinx2018p3/SDK/2018.3/gnuwin/bin/make -C psu_cortexa53_0/libsrc/rtcpsu_v1_6/src -s include  "SHELL=CMD" "COMPILER=aarch64-none-elf-gcc" "ARCHIVER=aarch64-none-elf-ar" "COMPILER_FLAGS=  -O2 -c" "EXTRA_COMPILER_FLAGS=-g -Wall -Wextra"
"Running Make include in psu_cortexa53_0/libsrc/scugic_v3_10/src"
D:/Xilinx2018p3/SDK/2018.3/gnuwin/bin/make -C psu_cortexa53_0/libsrc/scugic_v3_10/src -s include  "SHELL=CMD" "COMPILER=aarch64-none-elf-gcc" "ARCHIVER=aarch64-none-elf-ar" "COMPILER_FLAGS=  -O2 -c" "EXTRA_COMPILER_FLAGS=-g -Wall -Wextra"
"Running Make include in psu_cortexa53_0/libsrc/sdps_v3_6/src"
D:/Xilinx2018p3/SDK/2018.3/gnuwin/bin/make -C psu_cortexa53_0/libsrc/sdps_v3_6/src -s include  "SHELL=CMD" "COMPILER=aarch64-none-elf-gcc" "ARCHIVER=aarch64-none-elf-ar" "COMPILER_FLAGS=  -O2 -c" "EXTRA_COMPILER_FLAGS=-g -Wall -Wextra"
"Running Make include in psu_cortexa53_0/libsrc/standalone_v6_8/src"
D:/Xilinx2018p3/SDK/2018.3/gnuwin/bin/make -C psu_cortexa53_0/libsrc/standalone_v6_8/src -s include  "SHELL=CMD" "COMPILER=aarch64-none-elf-gcc" "ARCHIVER=aarch64-none-elf-ar" "COMPILER_FLAGS=  -O2 -c" "EXTRA_COMPILER_FLAGS=-g -Wall -Wextra"
"Running Make include in psu_cortexa53_0/libsrc/sysmonpsu_v2_5/src"
D:/Xilinx2018p3/SDK/2018.3/gnuwin/bin/make -C psu_cortexa53_0/libsrc/sysmonpsu_v2_5/src -s include  "SHELL=CMD" "COMPILER=aarch64-none-elf-gcc" "ARCHIVER=aarch64-none-elf-ar" "COMPILER_FLAGS=  -O2 -c" "EXTRA_COMPILER_FLAGS=-g -Wall -Wextra"
"Running Make include in psu_cortexa53_0/libsrc/ttcps_v3_7/src"
D:/Xilinx2018p3/SDK/2018.3/gnuwin/bin/make -C psu_cortexa53_0/libsrc/ttcps_v3_7/src -s include  "SHELL=CMD" "COMPILER=aarch64-none-elf-gcc" "ARCHIVER=aarch64-none-elf-ar" "COMPILER_FLAGS=  -O2 -c" "EXTRA_COMPILER_FLAGS=-g -Wall -Wextra"
"Running Make include in psu_cortexa53_0/libsrc/uartps_v3_7/src"
D:/Xilinx2018p3/SDK/2018.3/gnuwin/bin/make -C psu_cortexa53_0/libsrc/uartps_v3_7/src -s include  "SHELL=CMD" "COMPILER=aarch64-none-elf-gcc" "ARCHIVER=aarch64-none-elf-ar" "COMPILER_FLAGS=  -O2 -c" "EXTRA_COMPILER_FLAGS=-g -Wall -Wextra"
"Running Make include in psu_cortexa53_0/libsrc/usbpsu_v1_4/src"
D:/Xilinx2018p3/SDK/2018.3/gnuwin/bin/make -C psu_cortexa53_0/libsrc/usbpsu_v1_4/src -s include  "SHELL=CMD" "COMPILER=aarch64-none-elf-gcc" "ARCHIVER=aarch64-none-elf-ar" "COMPILER_FLAGS=  -O2 -c" "EXTRA_COMPILER_FLAGS=-g -Wall -Wextra"
"Running Make include in psu_cortexa53_0/libsrc/video_common_v4_5/src"
D:/Xilinx2018p3/SDK/2018.3/gnuwin/bin/make -C psu_cortexa53_0/libsrc/video_common_v4_5/src -s include  "SHELL=CMD" "COMPILER=aarch64-none-elf-gcc" "ARCHIVER=aarch64-none-elf-ar" "COMPILER_FLAGS=  -O2 -c" "EXTRA_COMPILER_FLAGS=-g -Wall -Wextra"
"Running Make include in psu_cortexa53_0/libsrc/wdtps_v3_1/src"
D:/Xilinx2018p3/SDK/2018.3/gnuwin/bin/make -C psu_cortexa53_0/libsrc/wdtps_v3_1/src -s include  "SHELL=CMD" "COMPILER=aarch64-none-elf-gcc" "ARCHIVER=aarch64-none-elf-ar" "COMPILER_FLAGS=  -O2 -c" "EXTRA_COMPILER_FLAGS=-g -Wall -Wextra"
"Running Make include in psu_cortexa53_0/libsrc/zdma_v1_6/src"
D:/Xilinx2018p3/SDK/2018.3/gnuwin/bin/make -C psu_cortexa53_0/libsrc/zdma_v1_6/src -s include  "SHELL=CMD" "COMPILER=aarch64-none-elf-gcc" "ARCHIVER=aarch64-none-elf-ar" "COMPILER_FLAGS=  -O2 -c" "EXTRA_COMPILER_FLAGS=-g -Wall -Wextra"
"Running Make libs in psu_cortexa53_0/libsrc/avbuf_v2_2/src"
D:/Xilinx2018p3/SDK/2018.3/gnuwin/bin/make -C psu_cortexa53_0/libsrc/avbuf_v2_2/src -s libs  "SHELL=CMD" "COMPILER=aarch64-none-elf-gcc" "ARCHIVER=aarch64-none-elf-ar" "COMPILER_FLAGS=  -O2 -c" "EXTRA_COMPILER_FLAGS=-g -Wall -Wextra"
"Compiling avbuf"
aarch64-none-elf-ar: creating ../../../lib/libxil.a
"Running Make libs in psu_cortexa53_0/libsrc/axidma_v9_8/src"
D:/Xilinx2018p3/SDK/2018.3/gnuwin/bin/make -C psu_cortexa53_0/libsrc/axidma_v9_8/src -s libs  "SHELL=CMD" "COMPILER=aarch64-none-elf-gcc" "ARCHIVER=aarch64-none-elf-ar" "COMPILER_FLAGS=  -O2 -c" "EXTRA_COMPILER_FLAGS=-g -Wall -Wextra"
"Compiling axidma"
"Running Make libs in psu_cortexa53_0/libsrc/axipmon_v6_7/src"
D:/Xilinx2018p3/SDK/2018.3/gnuwin/bin/make -C psu_cortexa53_0/libsrc/axipmon_v6_7/src -s libs  "SHELL=CMD" "COMPILER=aarch64-none-elf-gcc" "ARCHIVER=aarch64-none-elf-ar" "COMPILER_FLAGS=  -O2 -c" "EXTRA_COMPILER_FLAGS=-g -Wall -Wextra"
"Compiling axipmon"
"Running Make libs in psu_cortexa53_0/libsrc/canps_v3_2/src"
D:/Xilinx2018p3/SDK/2018.3/gnuwin/bin/make -C psu_cortexa53_0/libsrc/canps_v3_2/src -s libs  "SHELL=CMD" "COMPILER=aarch64-none-elf-gcc" "ARCHIVER=aarch64-none-elf-ar" "COMPILER_FLAGS=  -O2 -c" "EXTRA_COMPILER_FLAGS=-g -Wall -Wextra"
"Compiling canps"
"Running Make libs in psu_cortexa53_0/libsrc/clockps_v1_0/src"
D:/Xilinx2018p3/SDK/2018.3/gnuwin/bin/make -C psu_cortexa53_0/libsrc/clockps_v1_0/src -s libs  "SHELL=CMD" "COMPILER=aarch64-none-elf-gcc" "ARCHIVER=aarch64-none-elf-ar" "COMPILER_FLAGS=  -O2 -c" "EXTRA_COMPILER_FLAGS=-g -Wall -Wextra"
"Compiling clockps"
"Running Make libs in psu_cortexa53_0/libsrc/coresightps_dcc_v1_4/src"
D:/Xilinx2018p3/SDK/2018.3/gnuwin/bin/make -C psu_cortexa53_0/libsrc/coresightps_dcc_v1_4/src -s libs  "SHELL=CMD" "COMPILER=aarch64-none-elf-gcc" "ARCHIVER=aarch64-none-elf-ar" "COMPILER_FLAGS=  -O2 -c" "EXTRA_COMPILER_FLAGS=-g -Wall -Wextra"
"Compiling coresightps_dcc"
"Running Make libs in psu_cortexa53_0/libsrc/cpu_cortexa53_v1_5/src"
D:/Xilinx2018p3/SDK/2018.3/gnuwin/bin/make -C psu_cortexa53_0/libsrc/cpu_cortexa53_v1_5/src -s libs  "SHELL=CMD" "COMPILER=aarch64-none-elf-gcc" "ARCHIVER=aarch64-none-elf-ar" "COMPILER_FLAGS=  -O2 -c" "EXTRA_COMPILER_FLAGS=-g -Wall -Wextra"
"Compiling cpu_cortexa53"
"Running Make libs in psu_cortexa53_0/libsrc/csudma_v1_3/src"
D:/Xilinx2018p3/SDK/2018.3/gnuwin/bin/make -C psu_cortexa53_0/libsrc/csudma_v1_3/src -s libs  "SHELL=CMD" "COMPILER=aarch64-none-elf-gcc" "ARCHIVER=aarch64-none-elf-ar" "COMPILER_FLAGS=  -O2 -c" "EXTRA_COMPILER_FLAGS=-g -Wall -Wextra"
"Compiling csudma"
"Running Make libs in psu_cortexa53_0/libsrc/ddrcpsu_v1_1/src"
D:/Xilinx2018p3/SDK/2018.3/gnuwin/bin/make -C psu_cortexa53_0/libsrc/ddrcpsu_v1_1/src -s libs  "SHELL=CMD" "COMPILER=aarch64-none-elf-gcc" "ARCHIVER=aarch64-none-elf-ar" "COMPILER_FLAGS=  -O2 -c" "EXTRA_COMPILER_FLAGS=-g -Wall -Wextra"
"Compiling ddrcpsu"
"Running Make libs in psu_cortexa53_0/libsrc/dpdma_v1_1/src"
D:/Xilinx2018p3/SDK/2018.3/gnuwin/bin/make -C psu_cortexa53_0/libsrc/dpdma_v1_1/src -s libs  "SHELL=CMD" "COMPILER=aarch64-none-elf-gcc" "ARCHIVER=aarch64-none-elf-ar" "COMPILER_FLAGS=  -O2 -c" "EXTRA_COMPILER_FLAGS=-g -Wall -Wextra"
"Compiling dpdma"
"Running Make libs in psu_cortexa53_0/libsrc/emacps_v3_8/src"
D:/Xilinx2018p3/SDK/2018.3/gnuwin/bin/make -C psu_cortexa53_0/libsrc/emacps_v3_8/src -s libs  "SHELL=CMD" "COMPILER=aarch64-none-elf-gcc" "ARCHIVER=aarch64-none-elf-ar" "COMPILER_FLAGS=  -O2 -c" "EXTRA_COMPILER_FLAGS=-g -Wall -Wextra"
"Compiling emacps"
"Running Make libs in psu_cortexa53_0/libsrc/gpiops_v3_4/src"
D:/Xilinx2018p3/SDK/2018.3/gnuwin/bin/make -C psu_cortexa53_0/libsrc/gpiops_v3_4/src -s libs  "SHELL=CMD" "COMPILER=aarch64-none-elf-gcc" "ARCHIVER=aarch64-none-elf-ar" "COMPILER_FLAGS=  -O2 -c" "EXTRA_COMPILER_FLAGS=-g -Wall -Wextra"
"Compiling gpiops"
"Running Make libs in psu_cortexa53_0/libsrc/iicps_v3_8/src"
D:/Xilinx2018p3/SDK/2018.3/gnuwin/bin/make -C psu_cortexa53_0/libsrc/iicps_v3_8/src -s libs  "SHELL=CMD" "COMPILER=aarch64-none-elf-gcc" "ARCHIVER=aarch64-none-elf-ar" "COMPILER_FLAGS=  -O2 -c" "EXTRA_COMPILER_FLAGS=-g -Wall -Wextra"
"Compiling iicps"
"Running Make libs in psu_cortexa53_0/libsrc/ipipsu_v2_4/src"
D:/Xilinx2018p3/SDK/2018.3/gnuwin/bin/make -C psu_cortexa53_0/libsrc/ipipsu_v2_4/src -s libs  "SHELL=CMD" "COMPILER=aarch64-none-elf-gcc" "ARCHIVER=aarch64-none-elf-ar" "COMPILER_FLAGS=  -O2 -c" "EXTRA_COMPILER_FLAGS=-g -Wall -Wextra"
"Compiling ipipsu"
"Running Make libs in psu_cortexa53_0/libsrc/pciepsu_v1_0/src"
D:/Xilinx2018p3/SDK/2018.3/gnuwin/bin/make -C psu_cortexa53_0/libsrc/pciepsu_v1_0/src -s libs  "SHELL=CMD" "COMPILER=aarch64-none-elf-gcc" "ARCHIVER=aarch64-none-elf-ar" "COMPILER_FLAGS=  -O2 -c" "EXTRA_COMPILER_FLAGS=-g -Wall -Wextra"
"Compiling pciepsu"
"Running Make libs in psu_cortexa53_0/libsrc/qspipsu_v1_8/src"
D:/Xilinx2018p3/SDK/2018.3/gnuwin/bin/make -C psu_cortexa53_0/libsrc/qspipsu_v1_8/src -s libs  "SHELL=CMD" "COMPILER=aarch64-none-elf-gcc" "ARCHIVER=aarch64-none-elf-ar" "COMPILER_FLAGS=  -O2 -c" "EXTRA_COMPILER_FLAGS=-g -Wall -Wextra"
"Compiling qspipsu"
"Running Make libs in psu_cortexa53_0/libsrc/resetps_v1_2/src"
D:/Xilinx2018p3/SDK/2018.3/gnuwin/bin/make -C psu_cortexa53_0/libsrc/resetps_v1_2/src -s libs  "SHELL=CMD" "COMPILER=aarch64-none-elf-gcc" "ARCHIVER=aarch64-none-elf-ar" "COMPILER_FLAGS=  -O2 -c" "EXTRA_COMPILER_FLAGS=-g -Wall -Wextra"
"Compiling resetps"
"Running Make libs in psu_cortexa53_0/libsrc/rtcpsu_v1_6/src"
D:/Xilinx2018p3/SDK/2018.3/gnuwin/bin/make -C psu_cortexa53_0/libsrc/rtcpsu_v1_6/src -s libs  "SHELL=CMD" "COMPILER=aarch64-none-elf-gcc" "ARCHIVER=aarch64-none-elf-ar" "COMPILER_FLAGS=  -O2 -c" "EXTRA_COMPILER_FLAGS=-g -Wall -Wextra"
"Compiling rtcpsu"
"Running Make libs in psu_cortexa53_0/libsrc/scugic_v3_10/src"
D:/Xilinx2018p3/SDK/2018.3/gnuwin/bin/make -C psu_cortexa53_0/libsrc/scugic_v3_10/src -s libs  "SHELL=CMD" "COMPILER=aarch64-none-elf-gcc" "ARCHIVER=aarch64-none-elf-ar" "COMPILER_FLAGS=  -O2 -c" "EXTRA_COMPILER_FLAGS=-g -Wall -Wextra"
"Compiling scugic"
"Running Make libs in psu_cortexa53_0/libsrc/sdps_v3_6/src"
D:/Xilinx2018p3/SDK/2018.3/gnuwin/bin/make -C psu_cortexa53_0/libsrc/sdps_v3_6/src -s libs  "SHELL=CMD" "COMPILER=aarch64-none-elf-gcc" "ARCHIVER=aarch64-none-elf-ar" "COMPILER_FLAGS=  -O2 -c" "EXTRA_COMPILER_FLAGS=-g -Wall -Wextra"
"Compiling sdps"
"Running Make libs in psu_cortexa53_0/libsrc/standalone_v6_8/src"
D:/Xilinx2018p3/SDK/2018.3/gnuwin/bin/make -C psu_cortexa53_0/libsrc/standalone_v6_8/src -s libs  "SHELL=CMD" "COMPILER=aarch64-none-elf-gcc" "ARCHIVER=aarch64-none-elf-ar" "COMPILER_FLAGS=  -O2 -c" "EXTRA_COMPILER_FLAGS=-g -Wall -Wextra"
"Compiling standalone A53"
In file included from xil_sleeptimer.c:51:0:
xtime_l.h:77:9: note: #pragma message: For the sleep routines, Global timer is being used
 #pragma message ("For the sleep routines, Global timer is being used")
         ^~~~~~~
In file included from xtime_l.c:52:0:
xtime_l.h:77:9: note: #pragma message: For the sleep routines, Global timer is being used
 #pragma message ("For the sleep routines, Global timer is being used")
         ^~~~~~~
In file included from sleep.c:59:0:
xtime_l.h:77:9: note: #pragma message: For the sleep routines, Global timer is being used
 #pragma message ("For the sleep routines, Global timer is being used")
         ^~~~~~~
"Running Make libs in psu_cortexa53_0/libsrc/sysmonpsu_v2_5/src"
D:/Xilinx2018p3/SDK/2018.3/gnuwin/bin/make -C psu_cortexa53_0/libsrc/sysmonpsu_v2_5/src -s libs  "SHELL=CMD" "COMPILER=aarch64-none-elf-gcc" "ARCHIVER=aarch64-none-elf-ar" "COMPILER_FLAGS=  -O2 -c" "EXTRA_COMPILER_FLAGS=-g -Wall -Wextra"
"Compiling sysmonpsu"
"Running Make libs in psu_cortexa53_0/libsrc/ttcps_v3_7/src"
D:/Xilinx2018p3/SDK/2018.3/gnuwin/bin/make -C psu_cortexa53_0/libsrc/ttcps_v3_7/src -s libs  "SHELL=CMD" "COMPILER=aarch64-none-elf-gcc" "ARCHIVER=aarch64-none-elf-ar" "COMPILER_FLAGS=  -O2 -c" "EXTRA_COMPILER_FLAGS=-g -Wall -Wextra"
"Compiling ttcps"
"Running Make libs in psu_cortexa53_0/libsrc/uartps_v3_7/src"
D:/Xilinx2018p3/SDK/2018.3/gnuwin/bin/make -C psu_cortexa53_0/libsrc/uartps_v3_7/src -s libs  "SHELL=CMD" "COMPILER=aarch64-none-elf-gcc" "ARCHIVER=aarch64-none-elf-ar" "COMPILER_FLAGS=  -O2 -c" "EXTRA_COMPILER_FLAGS=-g -Wall -Wextra"
"Compiling uartps"
"Running Make libs in psu_cortexa53_0/libsrc/usbpsu_v1_4/src"
D:/Xilinx2018p3/SDK/2018.3/gnuwin/bin/make -C psu_cortexa53_0/libsrc/usbpsu_v1_4/src -s libs  "SHELL=CMD" "COMPILER=aarch64-none-elf-gcc" "ARCHIVER=aarch64-none-elf-ar" "COMPILER_FLAGS=  -O2 -c" "EXTRA_COMPILER_FLAGS=-g -Wall -Wextra"
"Compiling usbpsu"
"Running Make libs in psu_cortexa53_0/libsrc/video_common_v4_5/src"
D:/Xilinx2018p3/SDK/2018.3/gnuwin/bin/make -C psu_cortexa53_0/libsrc/video_common_v4_5/src -s libs  "SHELL=CMD" "COMPILER=aarch64-none-elf-gcc" "ARCHIVER=aarch64-none-elf-ar" "COMPILER_FLAGS=  -O2 -c" "EXTRA_COMPILER_FLAGS=-g -Wall -Wextra"
"Compiling video_common"
"Running Make libs in psu_cortexa53_0/libsrc/wdtps_v3_1/src"
D:/Xilinx2018p3/SDK/2018.3/gnuwin/bin/make -C psu_cortexa53_0/libsrc/wdtps_v3_1/src -s libs  "SHELL=CMD" "COMPILER=aarch64-none-elf-gcc" "ARCHIVER=aarch64-none-elf-ar" "COMPILER_FLAGS=  -O2 -c" "EXTRA_COMPILER_FLAGS=-g -Wall -Wextra"
"Compiling wdtps"
"Running Make libs in psu_cortexa53_0/libsrc/zdma_v1_6/src"
D:/Xilinx2018p3/SDK/2018.3/gnuwin/bin/make -C psu_cortexa53_0/libsrc/zdma_v1_6/src -s libs  "SHELL=CMD" "COMPILER=aarch64-none-elf-gcc" "ARCHIVER=aarch64-none-elf-ar" "COMPILER_FLAGS=  -O2 -c" "EXTRA_COMPILER_FLAGS=-g -Wall -Wextra"
"Compiling zdma"
'Finished building libraries'

**** Build of configuration Debug for project DMA ****

Nothing to build for project DMA
20:08:54 **** Auto Build of configuration Debug for project DMA ****
make all 
Building file: ../src/a.c
Invoking: ARM v8 gcc compiler
aarch64-none-elf-gcc -Wall -O0 -g3 -c -fmessage-length=0 -MT"src/a.o" -I../../DMA_bsp/psu_cortexa53_0/include -MMD -MP -MF"src/a.d" -MT"src/a.o" -o "src/a.o" "../src/a.c"
Finished building: ../src/a.c
 
Building target: DMA.elf
Invoking: ARM v8 gcc linker
aarch64-none-elf-gcc -Wl,-T -Wl,../src/lscript.ld -L../../DMA_bsp/psu_cortexa53_0/lib -o "DMA.elf"  ./src/a.o   -Wl,--start-group,-lxil,-lgcc,-lc,--end-group
d:/xilinx2018p3/sdk/2018.3/gnu/aarch64/nt/aarch64-none/bin/../aarch64-none-elf/libc/usr/lib/crt0.o: In function `_start':
/proj/esdt_sdk/gnu_abe/ABE/builds/lin/arm/arm-linux/snapshots/newlib-newlib-2_4_0/libgloss/aarch64/crt0.S:219: undefined reference to `main'
../../DMA_bsp/psu_cortexa53_0/lib\libxil.a(xil-crt0.o): In function `_startup':
E:\test\project_5\project_5.sdk\DMA_bsp\psu_cortexa53_0\libsrc\standalone_v6_8\src/xil-crt0.S:129: undefined reference to `main'
collect2.exe: error: ld returned 1 exit status
make: *** [makefile:38: DMA.elf] Error 1
20:09:02 **** Auto Build of configuration Debug for project DMA ****
make all 
Building file: ../src/a.c
Invoking: ARM v8 gcc compiler
aarch64-none-elf-gcc -Wall -O0 -g3 -c -fmessage-length=0 -MT"src/a.o" -I../../DMA_bsp/psu_cortexa53_0/include -MMD -MP -MF"src/a.d" -MT"src/a.o" -o "src/a.o" "../src/a.c"
../src/a.c: In function 'main':
../src/a.c:43:29: error: 'XPAR_PS7_DDR_0_S_AXI_BASEADDR' undeclared (first use in this function); did you mean 'XPAR_PSU_DDR_0_S_AXI_BASEADDR'?
 #define DDR_BASE_ADDR       XPAR_PS7_DDR_0_S_AXI_BASEADDR   //0x00100000
                             ^
../src/a.c:44:30: note: in expansion of macro 'DDR_BASE_ADDR'
 #define MEM_BASE_ADDR       (DDR_BASE_ADDR + 0x1000000)     //0x01100000
                              ^~~~~~~~~~~~~
../src/a.c:45:30: note: in expansion of macro 'MEM_BASE_ADDR'
 #define TX_BUFFER_BASE      (MEM_BASE_ADDR + 0x00100000)    //0x01200000
                              ^~~~~~~~~~~~~
../src/a.c:80:28: note: in expansion of macro 'TX_BUFFER_BASE'
     tx_buffer_ptr = (u8 *) TX_BUFFER_BASE;
                            ^~~~~~~~~~~~~~
../src/a.c:43:29: note: each undeclared identifier is reported only once for each function it appears in
 #define DDR_BASE_ADDR       XPAR_PS7_DDR_0_S_AXI_BASEADDR   //0x00100000
                             ^
../src/a.c:44:30: note: in expansion of macro 'DDR_BASE_ADDR'
 #define MEM_BASE_ADDR       (DDR_BASE_ADDR + 0x1000000)     //0x01100000
                              ^~~~~~~~~~~~~
../src/a.c:45:30: note: in expansion of macro 'MEM_BASE_ADDR'
 #define TX_BUFFER_BASE      (MEM_BASE_ADDR + 0x00100000)    //0x01200000
                              ^~~~~~~~~~~~~
../src/a.c:80:28: note: in expansion of macro 'TX_BUFFER_BASE'
     tx_buffer_ptr = (u8 *) TX_BUFFER_BASE;
                            ^~~~~~~~~~~~~~
../src/a.c: In function 'check_data':
../src/a.c:43:29: error: 'XPAR_PS7_DDR_0_S_AXI_BASEADDR' undeclared (first use in this function); did you mean 'XPAR_PSU_DDR_0_S_AXI_BASEADDR'?
 #define DDR_BASE_ADDR       XPAR_PS7_DDR_0_S_AXI_BASEADDR   //0x00100000
                             ^
../src/a.c:44:30: note: in expansion of macro 'DDR_BASE_ADDR'
 #define MEM_BASE_ADDR       (DDR_BASE_ADDR + 0x1000000)     //0x01100000
                              ^~~~~~~~~~~~~
../src/a.c:46:30: note: in expansion of macro 'MEM_BASE_ADDR'
 #define RX_BUFFER_BASE      (MEM_BASE_ADDR + 0x00300000)    //0x01400000
                              ^~~~~~~~~~~~~
../src/a.c:168:24: note: in expansion of macro 'RX_BUFFER_BASE'
     rx_packet = (u8 *) RX_BUFFER_BASE;
                        ^~~~~~~~~~~~~~
make: *** [src/subdir.mk:23: src/a.o] Error 1
20:14:44 **** Auto Build of configuration Debug for project DMA ****
make all 
Building file: ../src/a.c
Invoking: ARM v8 gcc compiler
aarch64-none-elf-gcc -Wall -O0 -g3 -c -fmessage-length=0 -MT"src/a.o" -I../../DMA_bsp/psu_cortexa53_0/include -MMD -MP -MF"src/a.d" -MT"src/a.o" -o "src/a.o" "../src/a.c"
Finished building: ../src/a.c
 
Building target: DMA.elf
Invoking: ARM v8 gcc linker
aarch64-none-elf-gcc -Wl,-T -Wl,../src/lscript.ld -L../../DMA_bsp/psu_cortexa53_0/lib -o "DMA.elf"  ./src/a.o   -Wl,--start-group,-lxil,-lgcc,-lc,--end-group
Finished building target: DMA.elf
 
Invoking: ARM v8 Print Size
aarch64-none-elf-size DMA.elf  |tee "DMA.elf.size"
   text	   data	    bss	    dec	    hex	filename
  49076	   7656	  23720	  80452	  13a44	DMA.elf
Finished building: DMA.elf.size
 
20:15:36 **** Auto Build of configuration Debug for project DMA ****
make all 
Building file: ../src/a.c
Invoking: ARM v8 gcc compiler
aarch64-none-elf-gcc -Wall -O0 -g3 -c -fmessage-length=0 -MT"src/a.o" -I../../DMA_bsp/psu_cortexa53_0/include -MMD -MP -MF"src/a.d" -MT"src/a.o" -o "src/a.o" "../src/a.c"
Finished building: ../src/a.c
 
Building target: DMA.elf
Invoking: ARM v8 gcc linker
aarch64-none-elf-gcc -Wl,-T -Wl,../src/lscript.ld -L../../DMA_bsp/psu_cortexa53_0/lib -o "DMA.elf"  ./src/a.o   -Wl,--start-group,-lxil,-lgcc,-lc,--end-group
Finished building target: DMA.elf
 
Invoking: ARM v8 Print Size
aarch64-none-elf-size DMA.elf  |tee "DMA.elf.size"
   text	   data	    bss	    dec	    hex	filename
  49076	   7656	  23720	  80452	  13a44	DMA.elf
Finished building: DMA.elf.size
 
20:20:21 **** Auto Build of configuration Debug for project DMA ****
make all 
Building file: ../src/a.c
Invoking: ARM v8 gcc compiler
aarch64-none-elf-gcc -Wall -O0 -g3 -c -fmessage-length=0 -MT"src/a.o" -I../../DMA_bsp/psu_cortexa53_0/include -MMD -MP -MF"src/a.d" -MT"src/a.o" -o "src/a.o" "../src/a.c"
Finished building: ../src/a.c
 
Building target: DMA.elf
Invoking: ARM v8 gcc linker
aarch64-none-elf-gcc -Wl,-T -Wl,../src/lscript.ld -L../../DMA_bsp/psu_cortexa53_0/lib -o "DMA.elf"  ./src/a.o   -Wl,--start-group,-lxil,-lgcc,-lc,--end-group
Finished building target: DMA.elf
 
Invoking: ARM v8 Print Size
aarch64-none-elf-size DMA.elf  |tee "DMA.elf.size"
   text	   data	    bss	    dec	    hex	filename
  49076	   7656	  23720	  80452	  13a44	DMA.elf
Finished building: DMA.elf.size
 
20:20:41 **** Incremental Build of configuration Debug for project DMA ****
make all 
make: Nothing to be done for 'all'.
20:26:50 **** Auto Build of configuration Debug for project DMA ****
make all 
Building file: ../src/a.c
Invoking: ARM v8 gcc compiler
aarch64-none-elf-gcc -Wall -O0 -g3 -c -fmessage-length=0 -MT"src/a.o" -I../../DMA_bsp/psu_cortexa53_0/include -MMD -MP -MF"src/a.d" -MT"src/a.o" -o "src/a.o" "../src/a.c"
Finished building: ../src/a.c
 
Building target: DMA.elf
Invoking: ARM v8 gcc linker
aarch64-none-elf-gcc -Wl,-T -Wl,../src/lscript.ld -L../../DMA_bsp/psu_cortexa53_0/lib -o "DMA.elf"  ./src/a.o   -Wl,--start-group,-lxil,-lgcc,-lc,--end-group
Finished building target: DMA.elf
 
Invoking: ARM v8 Print Size
aarch64-none-elf-size DMA.elf  |tee "DMA.elf.size"
   text	   data	    bss	    dec	    hex	filename
  49076	   7656	  23720	  80452	  13a44	DMA.elf
Finished building: DMA.elf.size
 
20:26:51 **** Incremental Build of configuration Debug for project DMA ****
make all 
make: Nothing to be done for 'all'.
20:26:58 **** Incremental Build of configuration Debug for project DMA ****
make all 
make: Nothing to be done for 'all'.
